"""This test is for the tyrtesting/2-matrix_divided.py"""

importing the module

>>> import sys
>>> sys.path.append('../')
>>> from matrix_dividedll import matrix_divided

"""Now lets test the function"""

>>> matrix = [[1, 2, 3],[4, 5, 6]] 
>>> matrix_divided(matrix, 3)
[[0.33, 0.67, 1.0], [1.33, 1.67, 2.0]]

"""Testing for matrix of matrix of integers or floats"""
>>> matrix = [1, 2, 3]
>>> matrix_divided(matrix, 3)
Traceback (most recent call last):
TypeError: matrix must be a matrix (list of lists) of integers/floats

>>> matrix = 1
>>> matrix_divided(matrix, 2)
Traceback (most recent call last):
TypeError: matrix must be a matrix (list of lists) of integers/floats

>>> matrix = [[1, 2, 3], [1,2]]
>>> matrix_divided(matrix, 2)
Traceback (most recent call last):
TypeError: Each row of the matrix must have the same size


""" Testing for the div value """

>>> matrix = [[1, 2, 3],[4, 5, 6]] 
>>> matrix_divided(matrix, 3.0)
[[0.33, 0.67, 1.0], [1.33, 1.67, 2.0]]

>>> matrix_divided(matrix, "a")
Traceback (most recent call last):
TypeError: div must be a number

>>> matrix_divided(matrix, 0)
Traceback (most recent call last):
ZeroDivisionError: division by zero